// Vitest Snapshot v1, https://vitest.dev/guide/snapshot.html

exports[`client works with generation 1`] = `
[
  undefined,
  "WARNING: No TypeScript formatter found. Generated code will remain ugly. To have code automatically formatted do one of the following things:

- pnpm add --save-dev @dprint/formatter @dprint/typescript
- pnpm add --save-dev prettier

To suppress this warning disable formatting in one of the following ways:

- CLI: graffle --no-format
- Configuration file: Generator.configuration({ format: false })
- API: Generator.generate({ format: false })
WARNING: Custom scalars detected in the schema, but you have not created a custom scalars module to import implementations from.",
  "",
]
`;

exports[`client works with generation 2`] = `
[
  undefined,
  "[
  {
    name: 'Pikachu',
    hp: 35,
    attack: 55,
    defense: 40,
    trainer: { name: 'Ash' }
  }
]",
  "",
]
`;

exports[`client works without generation 1`] = `
[
  undefined,
  "[
  {
    name: 'Pikachu',
    hp: 35,
    attack: 55,
    defense: 40,
    trainer: { name: 'Ash' }
  }
]",
  "",
]
`;
